Archive member included to satisfy reference by file (symbol)

c:/st/stm32cubeide_1.12.1/stm32cubeide/plugins/com.st.stm32cube.ide.mcu.externaltools.gnu-tools-for-stm32.10.3-2021.10.win32_1.0.200.202301161003/tools/bin/../lib/gcc/arm-none-eabi/10.3.1/../../../../arm-none-eabi/lib/thumb/v7-m/nofp\libc_nano.a(lib_a-errno.o)
                              ./Core/Src/syscalls.o (__errno)
c:/st/stm32cubeide_1.12.1/stm32cubeide/plugins/com.st.stm32cube.ide.mcu.externaltools.gnu-tools-for-stm32.10.3-2021.10.win32_1.0.200.202301161003/tools/bin/../lib/gcc/arm-none-eabi/10.3.1/../../../../arm-none-eabi/lib/thumb/v7-m/nofp\libc_nano.a(lib_a-exit.o)
                              c:/st/stm32cubeide_1.12.1/stm32cubeide/plugins/com.st.stm32cube.ide.mcu.externaltools.gnu-tools-for-stm32.10.3-2021.10.win32_1.0.200.202301161003/tools/bin/../lib/gcc/arm-none-eabi/10.3.1/../../../../arm-none-eabi/lib/thumb/v7-m/nofp/crt0.o (exit)
c:/st/stm32cubeide_1.12.1/stm32cubeide/plugins/com.st.stm32cube.ide.mcu.externaltools.gnu-tools-for-stm32.10.3-2021.10.win32_1.0.200.202301161003/tools/bin/../lib/gcc/arm-none-eabi/10.3.1/../../../../arm-none-eabi/lib/thumb/v7-m/nofp\libc_nano.a(lib_a-impure.o)
                              c:/st/stm32cubeide_1.12.1/stm32cubeide/plugins/com.st.stm32cube.ide.mcu.externaltools.gnu-tools-for-stm32.10.3-2021.10.win32_1.0.200.202301161003/tools/bin/../lib/gcc/arm-none-eabi/10.3.1/../../../../arm-none-eabi/lib/thumb/v7-m/nofp\libc_nano.a(lib_a-exit.o) (_global_impure_ptr)
c:/st/stm32cubeide_1.12.1/stm32cubeide/plugins/com.st.stm32cube.ide.mcu.externaltools.gnu-tools-for-stm32.10.3-2021.10.win32_1.0.200.202301161003/tools/bin/../lib/gcc/arm-none-eabi/10.3.1/../../../../arm-none-eabi/lib/thumb/v7-m/nofp\libc_nano.a(lib_a-init.o)
                              c:/st/stm32cubeide_1.12.1/stm32cubeide/plugins/com.st.stm32cube.ide.mcu.externaltools.gnu-tools-for-stm32.10.3-2021.10.win32_1.0.200.202301161003/tools/bin/../lib/gcc/arm-none-eabi/10.3.1/../../../../arm-none-eabi/lib/thumb/v7-m/nofp/crt0.o (__libc_init_array)
c:/st/stm32cubeide_1.12.1/stm32cubeide/plugins/com.st.stm32cube.ide.mcu.externaltools.gnu-tools-for-stm32.10.3-2021.10.win32_1.0.200.202301161003/tools/bin/../lib/gcc/arm-none-eabi/10.3.1/../../../../arm-none-eabi/lib/thumb/v7-m/nofp\libc_nano.a(lib_a-memset.o)
                              c:/st/stm32cubeide_1.12.1/stm32cubeide/plugins/com.st.stm32cube.ide.mcu.externaltools.gnu-tools-for-stm32.10.3-2021.10.win32_1.0.200.202301161003/tools/bin/../lib/gcc/arm-none-eabi/10.3.1/../../../../arm-none-eabi/lib/thumb/v7-m/nofp/crt0.o (memset)
c:/st/stm32cubeide_1.12.1/stm32cubeide/plugins/com.st.stm32cube.ide.mcu.externaltools.gnu-tools-for-stm32.10.3-2021.10.win32_1.0.200.202301161003/tools/bin/../lib/gcc/arm-none-eabi/10.3.1/thumb/v7-m/nofp\libgcc.a(_arm_addsubsf3.o)
                              ./Core/Src/AMS.o (__aeabi_fadd)

Discarded input sections

 .text          0x0000000000000000        0x0 c:/st/stm32cubeide_1.12.1/stm32cubeide/plugins/com.st.stm32cube.ide.mcu.externaltools.gnu-tools-for-stm32.10.3-2021.10.win32_1.0.200.202301161003/tools/bin/../lib/gcc/arm-none-eabi/10.3.1/thumb/v7-m/nofp/crti.o
 .data          0x0000000000000000        0x0 c:/st/stm32cubeide_1.12.1/stm32cubeide/plugins/com.st.stm32cube.ide.mcu.externaltools.gnu-tools-for-stm32.10.3-2021.10.win32_1.0.200.202301161003/tools/bin/../lib/gcc/arm-none-eabi/10.3.1/thumb/v7-m/nofp/crti.o
 .bss           0x0000000000000000        0x0 c:/st/stm32cubeide_1.12.1/stm32cubeide/plugins/com.st.stm32cube.ide.mcu.externaltools.gnu-tools-for-stm32.10.3-2021.10.win32_1.0.200.202301161003/tools/bin/../lib/gcc/arm-none-eabi/10.3.1/thumb/v7-m/nofp/crti.o
 .data          0x0000000000000000        0x4 c:/st/stm32cubeide_1.12.1/stm32cubeide/plugins/com.st.stm32cube.ide.mcu.externaltools.gnu-tools-for-stm32.10.3-2021.10.win32_1.0.200.202301161003/tools/bin/../lib/gcc/arm-none-eabi/10.3.1/thumb/v7-m/nofp/crtbegin.o
 .rodata        0x0000000000000000       0x24 c:/st/stm32cubeide_1.12.1/stm32cubeide/plugins/com.st.stm32cube.ide.mcu.externaltools.gnu-tools-for-stm32.10.3-2021.10.win32_1.0.200.202301161003/tools/bin/../lib/gcc/arm-none-eabi/10.3.1/thumb/v7-m/nofp/crtbegin.o
 .text          0x0000000000000000       0x7c c:/st/stm32cubeide_1.12.1/stm32cubeide/plugins/com.st.stm32cube.ide.mcu.externaltools.gnu-tools-for-stm32.10.3-2021.10.win32_1.0.200.202301161003/tools/bin/../lib/gcc/arm-none-eabi/10.3.1/../../../../arm-none-eabi/lib/thumb/v7-m/nofp/crt0.o
 .data          0x0000000000000000        0x0 c:/st/stm32cubeide_1.12.1/stm32cubeide/plugins/com.st.stm32cube.ide.mcu.externaltools.gnu-tools-for-stm32.10.3-2021.10.win32_1.0.200.202301161003/tools/bin/../lib/gcc/arm-none-eabi/10.3.1/../../../../arm-none-eabi/lib/thumb/v7-m/nofp/crt0.o
[...]
Memory Configuration

Name             Origin             Length             Attributes
RAM              0x0000000020000000 0x0000000000005000 xrw
FLASH            0x0000000008000000 0x0000000000010000 xr
*default*        0x0000000000000000 0xffffffffffffffff

Linker script and memory map

LOAD c:/st/stm32cubeide_1.12.1/stm32cubeide/plugins/com.st.stm32cube.ide.mcu.externaltools.gnu-tools-for-stm32.10.3-2021.10.win32_1.0.200.202301161003/tools/bin/../lib/gcc/arm-none-eabi/10.3.1/thumb/v7-m/nofp/crti.o
LOAD c:/st/stm32cubeide_1.12.1/stm32cubeide/plugins/com.st.stm32cube.ide.mcu.externaltools.gnu-tools-for-stm32.10.3-2021.10.win32_1.0.200.202301161003/tools/bin/../lib/gcc/arm-none-eabi/10.3.1/thumb/v7-m/nofp/crtbegin.o
LOAD c:/st/stm32cubeide_1.12.1/stm32cubeide/plugins/com.st.stm32cube.ide.mcu.externaltools.gnu-tools-for-stm32.10.3-2021.10.win32_1.0.200.202301161003/tools/bin/../lib/gcc/arm-none-eabi/10.3.1/../../../../arm-none-eabi/lib/thumb/v7-m/nofp/crt0.o
LOAD ./Core/Src/AMS.o
LOAD ./Core/Src/Cppmain.o
LOAD ./Core/Src/gpio.o
LOAD ./Core/Src/main.o
LOAD ./Core/Src/stm32f1xx_hal_msp.o
LOAD ./Core/Src/stm32f1xx_it.o
LOAD ./Core/Src/syscalls.o
LOAD ./Core/Src/sysmem.o
LOAD ./Core/Src/system_stm32f1xx.o
LOAD ./Core/Src/usart.o
LOAD ./Core/Startup/startup_stm32f103c8tx.o
LOAD ./Drivers/STM32F1xx_HAL_Driver/Src/stm32f1xx_hal.o
LOAD ./Drivers/STM32F1xx_HAL_Driver/Src/stm32f1xx_hal_cortex.o
LOAD ./Drivers/STM32F1xx_HAL_Driver/Src/stm32f1xx_hal_dma.o
LOAD ./Drivers/STM32F1xx_HAL_Driver/Src/stm32f1xx_hal_exti.o
LOAD ./Drivers/STM32F1xx_HAL_Driver/Src/stm32f1xx_hal_flash.o
LOAD ./Drivers/STM32F1xx_HAL_Driver/Src/stm32f1xx_hal_flash_ex.o
LOAD ./Drivers/STM32F1xx_HAL_Driver/Src/stm32f1xx_hal_gpio.o
LOAD ./Drivers/STM32F1xx_HAL_Driver/Src/stm32f1xx_hal_gpio_ex.o
LOAD ./Drivers/STM32F1xx_HAL_Driver/Src/stm32f1xx_hal_pwr.o
LOAD ./Drivers/STM32F1xx_HAL_Driver/Src/stm32f1xx_hal_rcc.o
LOAD ./Drivers/STM32F1xx_HAL_Driver/Src/stm32f1xx_hal_rcc_ex.o
LOAD ./Drivers/STM32F1xx_HAL_Driver/Src/stm32f1xx_hal_uart.o
START GROUP
LOAD c:/st/stm32cubeide_1.12.1/stm32cubeide/plugins/com.st.stm32cube.ide.mcu.externaltools.gnu-tools-for-stm32.10.3-2021.10.win32_1.0.200.202301161003/tools/bin/../lib/gcc/arm-none-eabi/10.3.1/../../../../arm-none-eabi/lib/thumb/v7-m/nofp\libstdc++_nano.a
LOAD c:/st/stm32cubeide_1.12.1/stm32cubeide/plugins/com.st.stm32cube.ide.mcu.externaltools.gnu-tools-for-stm32.10.3-2021.10.win32_1.0.200.202301161003/tools/bin/../lib/gcc/arm-none-eabi/10.3.1/../../../../arm-none-eabi/lib/thumb/v7-m/nofp\libsupc++_nano.a
END GROUP
LOAD c:/st/stm32cubeide_1.12.1/stm32cubeide/plugins/com.st.stm32cube.ide.mcu.externaltools.gnu-tools-for-stm32.10.3-2021.10.win32_1.0.200.202301161003/tools/bin/../lib/gcc/arm-none-eabi/10.3.1/../../../../arm-none-eabi/lib/thumb/v7-m/nofp\libstdc++_nano.a
LOAD c:/st/stm32cubeide_1.12.1/stm32cubeide/plugins/com.st.stm32cube.ide.mcu.externaltools.gnu-tools-for-stm32.10.3-2021.10.win32_1.0.200.202301161003/tools/bin/../lib/gcc/arm-none-eabi/10.3.1/../../../../arm-none-eabi/lib/thumb/v7-m/nofp\libm.a
LOAD c:/st/stm32cubeide_1.12.1/stm32cubeide/plugins/com.st.stm32cube.ide.mcu.externaltools.gnu-tools-for-stm32.10.3-2021.10.win32_1.0.200.202301161003/tools/bin/../lib/gcc/arm-none-eabi/10.3.1/../../../../arm-none-eabi/lib/thumb/v7-m/nofp\libc_nano.a
START GROUP
LOAD c:/st/stm32cubeide_1.12.1/stm32cubeide/plugins/com.st.stm32cube.ide.mcu.externaltools.gnu-tools-for-stm32.10.3-2021.10.win32_1.0.200.202301161003/tools/bin/../lib/gcc/arm-none-eabi/10.3.1/thumb/v7-m/nofp\libgcc.a
LOAD c:/st/stm32cubeide_1.12.1/stm32cubeide/plugins/com.st.stm32cube.ide.mcu.externaltools.gnu-tools-for-stm32.10.3-2021.10.win32_1.0.200.202301161003/tools/bin/../lib/gcc/arm-none-eabi/10.3.1/../../../../arm-none-eabi/lib/thumb/v7-m/nofp\libc_nano.a
END GROUP
START GROUP
LOAD c:/st/stm32cubeide_1.12.1/stm32cubeide/plugins/com.st.stm32cube.ide.mcu.externaltools.gnu-tools-for-stm32.10.3-2021.10.win32_1.0.200.202301161003/tools/bin/../lib/gcc/arm-none-eabi/10.3.1/thumb/v7-m/nofp\libgcc.a
LOAD c:/st/stm32cubeide_1.12.1/stm32cubeide/plugins/com.st.stm32cube.ide.mcu.externaltools.gnu-tools-for-stm32.10.3-2021.10.win32_1.0.200.202301161003/tools/bin/../lib/gcc/arm-none-eabi/10.3.1/../../../../arm-none-eabi/lib/thumb/v7-m/nofp\libc_nano.a
LOAD c:/st/stm32cubeide_1.12.1/stm32cubeide/plugins/com.st.stm32cube.ide.mcu.externaltools.gnu-tools-for-stm32.10.3-2021.10.win32_1.0.200.202301161003/tools/bin/../lib/gcc/arm-none-eabi/10.3.1/../../../../arm-none-eabi/lib/thumb/v7-m/nofp\libnosys.a
END GROUP
START GROUP
LOAD c:/st/stm32cubeide_1.12.1/stm32cubeide/plugins/com.st.stm32cube.ide.mcu.externaltools.gnu-tools-for-stm32.10.3-2021.10.win32_1.0.200.202301161003/tools/bin/../lib/gcc/arm-none-eabi/10.3.1/thumb/v7-m/nofp\libgcc.a
LOAD c:/st/stm32cubeide_1.12.1/stm32cubeide/plugins/com.st.stm32cube.ide.mcu.externaltools.gnu-tools-for-stm32.10.3-2021.10.win32_1.0.200.202301161003/tools/bin/../lib/gcc/arm-none-eabi/10.3.1/../../../../arm-none-eabi/lib/thumb/v7-m/nofp\libc_nano.a
LOAD c:/st/stm32cubeide_1.12.1/stm32cubeide/plugins/com.st.stm32cube.ide.mcu.externaltools.gnu-tools-for-stm32.10.3-2021.10.win32_1.0.200.202301161003/tools/bin/../lib/gcc/arm-none-eabi/10.3.1/../../../../arm-none-eabi/lib/thumb/v7-m/nofp\libnosys.a
END GROUP
LOAD c:/st/stm32cubeide_1.12.1/stm32cubeide/plugins/com.st.stm32cube.ide.mcu.externaltools.gnu-tools-for-stm32.10.3-2021.10.win32_1.0.200.202301161003/tools/bin/../lib/gcc/arm-none-eabi/10.3.1/thumb/v7-m/nofp/crtend.o
LOAD c:/st/stm32cubeide_1.12.1/stm32cubeide/plugins/com.st.stm32cube.ide.mcu.externaltools.gnu-tools-for-stm32.10.3-2021.10.win32_1.0.200.202301161003/tools/bin/../lib/gcc/arm-none-eabi/10.3.1/thumb/v7-m/nofp/crtn.o
                0x0000000020005000                _estack = (ORIGIN (RAM) + LENGTH (RAM))
                0x0000000000000200                _Min_Heap_Size = 0x200
                0x0000000000000400                _Min_Stack_Size = 0x400

.isr_vector     0x0000000008000000      0x10c
                0x0000000008000000                . = ALIGN (0x4)
 *(.isr_vector)
 .isr_vector    0x0000000008000000      0x10c ./Core/Startup/startup_stm32f103c8tx.o
                0x0000000008000000                g_pfnVectors
                0x000000000800010c                . = ALIGN (0x4)

.text           0x000000000800010c     0x141c
                0x000000000800010c                . = ALIGN (0x4)
 *(.text)
 .text          0x000000000800010c       0x40 c:/st/stm32cubeide_1.12.1/stm32cubeide/plugins/com.st.stm32cube.ide.mcu.externaltools.gnu-tools-for-stm32.10.3-2021.10.win32_1.0.200.202301161003/tools/bin/../lib/gcc/arm-none-eabi/10.3.1/thumb/v7-m/nofp/crtbegin.o
 *(.text*)
 .text._ZN8CppClass9ToggleLedEv
                0x000000000800014c       0x28 ./Core/Src/AMS.o
                0x000000000800014c                CppClass::ToggleLed()
 .text.CppMain  0x0000000008000174       0x10 ./Core/Src/Cppmain.o
                0x0000000008000174                CppMain
 .text.MX_GPIO_Init
                0x0000000008000184       0x98 ./Core/Src/gpio.o
                0x0000000008000184                MX_GPIO_Init
 .text.main     0x000000000800021c       0x1a ./Core/Src/main.o
                0x000000000800021c                main
 .text.SystemClock_Config
                0x0000000008000236       0x88 ./Core/Src/main.o
                0x0000000008000236                SystemClock_Config
 .text.Error_Handler
                0x00000000080002be        0xa ./Core/Src/main.o
                0x00000000080002be                Error_Handler
 .text.HAL_MspInit
                0x00000000080002c8       0x44 ./Core/Src/stm32f1xx_hal_msp.o
                0x00000000080002c8                HAL_MspInit
 .text.NMI_Handler
                0x000000000800030c        0x6 ./Core/Src/stm32f1xx_it.o
                0x000000000800030c                NMI_Handler
 .text.HardFault_Handler
                0x0000000008000312        0x6 ./Core/Src/stm32f1xx_it.o
                0x0000000008000312                HardFault_Handler
 .text.MemManage_Handler
                0x0000000008000318        0x6 ./Core/Src/stm32f1xx_it.o
                0x0000000008000318                MemManage_Handler
 .text.BusFault_Handler
                0x000000000800031e        0x6 ./Core/Src/stm32f1xx_it.o
                0x000000000800031e                BusFault_Handler
 .text.UsageFault_Handler
                0x0000000008000324        0x6 ./Core/Src/stm32f1xx_it.o
                0x0000000008000324                UsageFault_Handler
 .text.SVC_Handler
                0x000000000800032a        0xc ./Core/Src/stm32f1xx_it.o
                0x000000000800032a                SVC_Handler
 .text.DebugMon_Handler
                0x0000000008000336        0xc ./Core/Src/stm32f1xx_it.o
                0x0000000008000336                DebugMon_Handler
 .text.PendSV_Handler
                0x0000000008000342        0xc ./Core/Src/stm32f1xx_it.o
                0x0000000008000342                PendSV_Handler
 .text.SysTick_Handler
                0x000000000800034e        0xc ./Core/Src/stm32f1xx_it.o
                0x000000000800034e                SysTick_Handler
 .text.SystemInit
                0x000000000800035a        0xc ./Core/Src/system_stm32f1xx.o
                0x000000000800035a                SystemInit
 *fill*         0x0000000008000366        0x2 
 .text.MX_USART2_UART_Init
                0x0000000008000368       0x54 ./Core/Src/usart.o
                0x0000000008000368                MX_USART2_UART_Init
 .text.HAL_UART_MspInit
                0x00000000080003bc       0x94 ./Core/Src/usart.o
                0x00000000080003bc                HAL_UART_MspInit
 .text.Reset_Handler
                0x0000000008000450       0x48 ./Core/Startup/startup_stm32f103c8tx.o
                0x0000000008000450                Reset_Handler
 .text.Default_Handler
                0x0000000008000498        0x2 ./Core/Startup/startup_stm32f103c8tx.o
                0x0000000008000498                RTC_Alarm_IRQHandler
                0x0000000008000498                EXTI2_IRQHandler
                0x0000000008000498                TIM1_CC_IRQHandler
                0x0000000008000498                PVD_IRQHandler
                0x0000000008000498                EXTI3_IRQHandler
                0x0000000008000498                EXTI0_IRQHandler
                0x0000000008000498                I2C2_EV_IRQHandler
                0x0000000008000498                ADC1_2_IRQHandler
                0x0000000008000498                SPI1_IRQHandler
                0x0000000008000498                TAMPER_IRQHandler
                0x0000000008000498                DMA1_Channel4_IRQHandler
                0x0000000008000498                USART3_IRQHandler
                0x0000000008000498                RTC_IRQHandler
                0x0000000008000498                DMA1_Channel7_IRQHandler
                0x0000000008000498                CAN1_RX1_IRQHandler
                0x0000000008000498                TIM4_IRQHandler
                0x0000000008000498                I2C1_EV_IRQHandler
                0x0000000008000498                DMA1_Channel6_IRQHandler
                0x0000000008000498                TIM3_IRQHandler
                0x0000000008000498                RCC_IRQHandler
                0x0000000008000498                TIM1_TRG_COM_IRQHandler
                0x0000000008000498                DMA1_Channel1_IRQHandler
                0x0000000008000498                Default_Handler
                0x0000000008000498                EXTI15_10_IRQHandler
                0x0000000008000498                EXTI9_5_IRQHandler
                0x0000000008000498                SPI2_IRQHandler
                0x0000000008000498                DMA1_Channel5_IRQHandler
                0x0000000008000498                EXTI4_IRQHandler
                0x0000000008000498                USB_LP_CAN1_RX0_IRQHandler
                0x0000000008000498                USB_HP_CAN1_TX_IRQHandler
                0x0000000008000498                DMA1_Channel3_IRQHandler
                0x0000000008000498                TIM1_UP_IRQHandler
                0x0000000008000498                WWDG_IRQHandler
                0x0000000008000498                TIM2_IRQHandler
                0x0000000008000498                TIM1_BRK_IRQHandler
                0x0000000008000498                EXTI1_IRQHandler
                0x0000000008000498                USART2_IRQHandler
                0x0000000008000498                I2C2_ER_IRQHandler
                0x0000000008000498                DMA1_Channel2_IRQHandler
                0x0000000008000498                CAN1_SCE_IRQHandler
                0x0000000008000498                FLASH_IRQHandler
                0x0000000008000498                USART1_IRQHandler
                0x0000000008000498                I2C1_ER_IRQHandler
                0x0000000008000498                USBWakeUp_IRQHandler
 *fill*         0x000000000800049a        0x2 
 .text.HAL_Init
                0x000000000800049c       0x2c ./Drivers/STM32F1xx_HAL_Driver/Src/stm32f1xx_hal.o
                0x000000000800049c                HAL_Init
 .text.HAL_InitTick
                0x00000000080004c8       0x60 ./Drivers/STM32F1xx_HAL_Driver/Src/stm32f1xx_hal.o
                0x00000000080004c8                HAL_InitTick
 .text.HAL_IncTick
                0x0000000008000528       0x24 ./Drivers/STM32F1xx_HAL_Driver/Src/stm32f1xx_hal.o
                0x0000000008000528                HAL_IncTick
 .text.HAL_GetTick
                0x000000000800054c       0x14 ./Drivers/STM32F1xx_HAL_Driver/Src/stm32f1xx_hal.o
                0x000000000800054c                HAL_GetTick
 .text.HAL_Delay
                0x0000000008000560       0x48 ./Drivers/STM32F1xx_HAL_Driver/Src/stm32f1xx_hal.o
                0x0000000008000560                HAL_Delay
 .text.__NVIC_SetPriorityGrouping
                0x00000000080005a8       0x48 ./Drivers/STM32F1xx_HAL_Driver/Src/stm32f1xx_hal_cortex.o
 .text.__NVIC_GetPriorityGrouping
                0x00000000080005f0       0x1c ./Drivers/STM32F1xx_HAL_Driver/Src/stm32f1xx_hal_cortex.o
 .text.__NVIC_SetPriority
                0x000000000800060c       0x54 ./Drivers/STM32F1xx_HAL_Driver/Src/stm32f1xx_hal_cortex.o
 .text.NVIC_EncodePriority
                0x0000000008000660       0x64 ./Drivers/STM32F1xx_HAL_Driver/Src/stm32f1xx_hal_cortex.o
 .text.SysTick_Config
                0x00000000080006c4       0x44 ./Drivers/STM32F1xx_HAL_Driver/Src/stm32f1xx_hal_cortex.o
 .text.HAL_NVIC_SetPriorityGrouping
                0x0000000008000708       0x16 ./Drivers/STM32F1xx_HAL_Driver/Src/stm32f1xx_hal_cortex.o
                0x0000000008000708                HAL_NVIC_SetPriorityGrouping
 .text.HAL_NVIC_SetPriority
                0x000000000800071e       0x38 ./Drivers/STM32F1xx_HAL_Driver/Src/stm32f1xx_hal_cortex.o
                0x000000000800071e                HAL_NVIC_SetPriority
 .text.HAL_SYSTICK_Config
                0x0000000008000756       0x18 ./Drivers/STM32F1xx_HAL_Driver/Src/stm32f1xx_hal_cortex.o
                0x0000000008000756                HAL_SYSTICK_Config
 *fill*         0x000000000800076e        0x2 
 .text.HAL_GPIO_Init
                0x0000000008000770      0x308 ./Drivers/STM32F1xx_HAL_Driver/Src/stm32f1xx_hal_gpio.o
                0x0000000008000770                HAL_GPIO_Init
 .text.HAL_GPIO_WritePin
                0x0000000008000a78       0x30 ./Drivers/STM32F1xx_HAL_Driver/Src/stm32f1xx_hal_gpio.o
                0x0000000008000a78                HAL_GPIO_WritePin
 .text.HAL_GPIO_TogglePin
                0x0000000008000aa8       0x32 ./Drivers/STM32F1xx_HAL_Driver/Src/stm32f1xx_hal_gpio.o
                0x0000000008000aa8                HAL_GPIO_TogglePin
 *fill*         0x0000000008000ada        0x2 
 .text.HAL_RCC_OscConfig
                0x0000000008000adc      0x504 ./Drivers/STM32F1xx_HAL_Driver/Src/stm32f1xx_hal_rcc.o
                0x0000000008000adc                HAL_RCC_OscConfig
 .text.HAL_RCC_ClockConfig
                0x0000000008000fe0      0x1d4 ./Drivers/STM32F1xx_HAL_Driver/Src/stm32f1xx_hal_rcc.o
                0x0000000008000fe0                HAL_RCC_ClockConfig
 .text.HAL_RCC_GetSysClockFreq
                0x00000000080011b4       0xa8 ./Drivers/STM32F1xx_HAL_Driver/Src/stm32f1xx_hal_rcc.o
                0x00000000080011b4                HAL_RCC_GetSysClockFreq
 .text.HAL_RCC_GetHCLKFreq
                0x000000000800125c       0x14 ./Drivers/STM32F1xx_HAL_Driver/Src/stm32f1xx_hal_rcc.o
                0x000000000800125c                HAL_RCC_GetHCLKFreq
 .text.HAL_RCC_GetPCLK1Freq
                0x0000000008001270       0x28 ./Drivers/STM32F1xx_HAL_Driver/Src/stm32f1xx_hal_rcc.o
                0x0000000008001270                HAL_RCC_GetPCLK1Freq
 .text.HAL_RCC_GetPCLK2Freq
                0x0000000008001298       0x28 ./Drivers/STM32F1xx_HAL_Driver/Src/stm32f1xx_hal_rcc.o
                0x0000000008001298                HAL_RCC_GetPCLK2Freq
 .text.RCC_Delay
                0x00000000080012c0       0x3c ./Drivers/STM32F1xx_HAL_Driver/Src/stm32f1xx_hal_rcc.o
 .text.HAL_UART_Init
                0x00000000080012fc       0xa0 ./Drivers/STM32F1xx_HAL_Driver/Src/stm32f1xx_hal_uart.o
                0x00000000080012fc                HAL_UART_Init
 .text.UART_SetConfig
                0x000000000800139c      0x11c ./Drivers/STM32F1xx_HAL_Driver/Src/stm32f1xx_hal_uart.o
 .text.__libc_init_array
                0x00000000080014b8       0x48 c:/st/stm32cubeide_1.12.1/stm32cubeide/plugins/com.st.stm32cube.ide.mcu.externaltools.gnu-tools-for-stm32.10.3-2021.10.win32_1.0.200.202301161003/tools/bin/../lib/gcc/arm-none-eabi/10.3.1/../../../../arm-none-eabi/lib/thumb/v7-m/nofp\libc_nano.a(lib_a-init.o)
                0x00000000080014b8                __libc_init_array
 .text.memset   0x0000000008001500       0x10 c:/st/stm32cubeide_1.12.1/stm32cubeide/plugins/com.st.stm32cube.ide.mcu.externaltools.gnu-tools-for-stm32.10.3-2021.10.win32_1.0.200.202301161003/tools/bin/../lib/gcc/arm-none-eabi/10.3.1/../../../../arm-none-eabi/lib/thumb/v7-m/nofp\libc_nano.a(lib_a-memset.o)
                0x0000000008001500                memset
 *(.glue_7)
 .glue_7        0x0000000008001510        0x0 linker stubs
 *(.glue_7t)
 .glue_7t       0x0000000008001510        0x0 linker stubs
 *(.eh_frame)
 .eh_frame      0x0000000008001510        0x0 c:/st/stm32cubeide_1.12.1/stm32cubeide/plugins/com.st.stm32cube.ide.mcu.externaltools.gnu-tools-for-stm32.10.3-2021.10.win32_1.0.200.202301161003/tools/bin/../lib/gcc/arm-none-eabi/10.3.1/thumb/v7-m/nofp/crtbegin.o
 *(.init)
 .init          0x0000000008001510        0x4 c:/st/stm32cubeide_1.12.1/stm32cubeide/plugins/com.st.stm32cube.ide.mcu.externaltools.gnu-tools-for-stm32.10.3-2021.10.win32_1.0.200.202301161003/tools/bin/../lib/gcc/arm-none-eabi/10.3.1/thumb/v7-m/nofp/crti.o
                0x0000000008001510                _init
 .init          0x0000000008001514        0x8 c:/st/stm32cubeide_1.12.1/stm32cubeide/plugins/com.st.stm32cube.ide.mcu.externaltools.gnu-tools-for-stm32.10.3-2021.10.win32_1.0.200.202301161003/tools/bin/../lib/gcc/arm-none-eabi/10.3.1/thumb/v7-m/nofp/crtn.o
 *(.fini)
 .fini          0x000000000800151c        0x4 c:/st/stm32cubeide_1.12.1/stm32cubeide/plugins/com.st.stm32cube.ide.mcu.externaltools.gnu-tools-for-stm32.10.3-2021.10.win32_1.0.200.202301161003/tools/bin/../lib/gcc/arm-none-eabi/10.3.1/thumb/v7-m/nofp/crti.o
                0x000000000800151c                _fini
 .fini          0x0000000008001520        0x8 c:/st/stm32cubeide_1.12.1/stm32cubeide/plugins/com.st.stm32cube.ide.mcu.externaltools.gnu-tools-for-stm32.10.3-2021.10.win32_1.0.200.202301161003/tools/bin/../lib/gcc/arm-none-eabi/10.3.1/thumb/v7-m/nofp/crtn.o
                0x0000000008001528                . = ALIGN (0x4)
                0x0000000008001528                _etext = .

.vfp11_veneer   0x0000000008001528        0x0
 .vfp11_veneer  0x0000000008001528        0x0 linker stubs

.v4_bx          0x0000000008001528        0x0
 .v4_bx         0x0000000008001528        0x0 linker stubs

.iplt           0x0000000008001528        0x0
 .iplt          0x0000000008001528        0x0 c:/st/stm32cubeide_1.12.1/stm32cubeide/plugins/com.st.stm32cube.ide.mcu.externaltools.gnu-tools-for-stm32.10.3-2021.10.win32_1.0.200.202301161003/tools/bin/../lib/gcc/arm-none-eabi/10.3.1/thumb/v7-m/nofp/crtbegin.o

.rodata         0x0000000008001528       0x2c
                0x0000000008001528                . = ALIGN (0x4)
 *(.rodata)
 *(.rodata*)
 .rodata.AHBPrescTable
                0x0000000008001528       0x10 ./Core/Src/system_stm32f1xx.o
                0x0000000008001528                AHBPrescTable
 .rodata.APBPrescTable
                0x0000000008001538        0x8 ./Core/Src/system_stm32f1xx.o
                0x0000000008001538                APBPrescTable
 .rodata.aPLLMULFactorTable.1
                0x0000000008001540       0x10 ./Drivers/STM32F1xx_HAL_Driver/Src/stm32f1xx_hal_rcc.o
 .rodata.aPredivFactorTable.0
                0x0000000008001550        0x2 ./Drivers/STM32F1xx_HAL_Driver/Src/stm32f1xx_hal_rcc.o
                0x0000000008001554                . = ALIGN (0x4)
 *fill*         0x0000000008001552        0x2 

.rel.dyn        0x0000000008001554        0x0
 .rel.iplt      0x0000000008001554        0x0 c:/st/stm32cubeide_1.12.1/stm32cubeide/plugins/com.st.stm32cube.ide.mcu.externaltools.gnu-tools-for-stm32.10.3-2021.10.win32_1.0.200.202301161003/tools/bin/../lib/gcc/arm-none-eabi/10.3.1/thumb/v7-m/nofp/crtbegin.o

.ARM.extab      0x0000000008001554        0x0
                0x0000000008001554                . = ALIGN (0x4)
 *(.ARM.extab* .gnu.linkonce.armextab.*)
                0x0000000008001554                . = ALIGN (0x4)

.ARM            0x0000000008001554        0x0
                0x0000000008001554                . = ALIGN (0x4)
                0x0000000008001554                __exidx_start = .
 *(.ARM.exidx*)
                0x0000000008001554                __exidx_end = .
                0x0000000008001554                . = ALIGN (0x4)

.preinit_array  0x0000000008001554        0x0
                0x0000000008001554                . = ALIGN (0x4)
                0x0000000008001554                PROVIDE (__preinit_array_start = .)
 *(.preinit_array*)
                0x0000000008001554                PROVIDE (__preinit_array_end = .)
                0x0000000008001554                . = ALIGN (0x4)

.init_array     0x0000000008001554        0x4
                0x0000000008001554                . = ALIGN (0x4)
                0x0000000008001554                PROVIDE (__init_array_start = .)
 *(SORT_BY_NAME(.init_array.*))
 *(.init_array*)
 .init_array    0x0000000008001554        0x4 c:/st/stm32cubeide_1.12.1/stm32cubeide/plugins/com.st.stm32cube.ide.mcu.externaltools.gnu-tools-for-stm32.10.3-2021.10.win32_1.0.200.202301161003/tools/bin/../lib/gcc/arm-none-eabi/10.3.1/thumb/v7-m/nofp/crtbegin.o
                0x0000000008001558                PROVIDE (__init_array_end = .)
                0x0000000008001558                . = ALIGN (0x4)

.fini_array     0x0000000008001558        0x4
                0x0000000008001558                . = ALIGN (0x4)
                [!provide]                        PROVIDE (__fini_array_start = .)
 *(SORT_BY_NAME(.fini_array.*))
 *(.fini_array*)
 .fini_array    0x0000000008001558        0x4 c:/st/stm32cubeide_1.12.1/stm32cubeide/plugins/com.st.stm32cube.ide.mcu.externaltools.gnu-tools-for-stm32.10.3-2021.10.win32_1.0.200.202301161003/tools/bin/../lib/gcc/arm-none-eabi/10.3.1/thumb/v7-m/nofp/crtbegin.o
                [!provide]                        PROVIDE (__fini_array_end = .)
                0x000000000800155c                . = ALIGN (0x4)
                0x000000000800155c                _sidata = LOADADDR (.data)

.data           0x0000000020000000        0xc load address 0x000000000800155c
                0x0000000020000000                . = ALIGN (0x4)
                0x0000000020000000                _sdata = .
 *(.data)
 *(.data*)
 .data.SystemCoreClock
                0x0000000020000000        0x4 ./Core/Src/system_stm32f1xx.o
                0x0000000020000000                SystemCoreClock
 .data.uwTickPrio
                0x0000000020000004        0x4 ./Drivers/STM32F1xx_HAL_Driver/Src/stm32f1xx_hal.o
                0x0000000020000004                uwTickPrio
 .data.uwTickFreq
                0x0000000020000008        0x1 ./Drivers/STM32F1xx_HAL_Driver/Src/stm32f1xx_hal.o
                0x0000000020000008                uwTickFreq
 *(.RamFunc)
 *(.RamFunc*)
                0x000000002000000c                . = ALIGN (0x4)
 *fill*         0x0000000020000009        0x3 
                0x000000002000000c                _edata = .

.igot.plt       0x000000002000000c        0x0 load address 0x0000000008001568
 .igot.plt      0x000000002000000c        0x0 c:/st/stm32cubeide_1.12.1/stm32cubeide/plugins/com.st.stm32cube.ide.mcu.externaltools.gnu-tools-for-stm32.10.3-2021.10.win32_1.0.200.202301161003/tools/bin/../lib/gcc/arm-none-eabi/10.3.1/thumb/v7-m/nofp/crtbegin.o
                0x000000002000000c                . = ALIGN (0x4)

.bss            0x000000002000000c       0x70 load address 0x0000000008001568
                0x000000002000000c                _sbss = .
                0x000000002000000c                __bss_start__ = _sbss
 *(.bss)
 .bss           0x000000002000000c       0x1c c:/st/stm32cubeide_1.12.1/stm32cubeide/plugins/com.st.stm32cube.ide.mcu.externaltools.gnu-tools-for-stm32.10.3-2021.10.win32_1.0.200.202301161003/tools/bin/../lib/gcc/arm-none-eabi/10.3.1/thumb/v7-m/nofp/crtbegin.o
 *(.bss*)
 .bss.myCppClass
                0x0000000020000028        0x8 ./Core/Src/Cppmain.o
                0x0000000020000028                myCppClass
 .bss.huart2    0x0000000020000030       0x48 ./Core/Src/usart.o
                0x0000000020000030                huart2
 .bss.uwTick    0x0000000020000078        0x4 ./Drivers/STM32F1xx_HAL_Driver/Src/stm32f1xx_hal.o
                0x0000000020000078                uwTick
 *(COMMON)
                0x000000002000007c                . = ALIGN (0x4)
                0x000000002000007c                _ebss = .
                0x000000002000007c                __bss_end__ = _ebss

._user_heap_stack
                0x000000002000007c      0x604 load address 0x0000000008001568
                0x0000000020000080                . = ALIGN (0x8)
 *fill*         0x000000002000007c        0x4 
                [!provide]                        PROVIDE (end = .)
                0x0000000020000080                PROVIDE (_end = .)
                0x0000000020000280                . = (. + _Min_Heap_Size)
 *fill*         0x0000000020000080      0x200 
                0x0000000020000680                . = (. + _Min_Stack_Size)
 *fill*         0x0000000020000280      0x400 
                0x0000000020000680                . = ALIGN (0x8)

/DISCARD/
 libc.a(*)
 libm.a(*)
 libgcc.a(*)

.ARM.attributes
                0x0000000000000000       0x29
 *(.ARM.attributes)
 .ARM.attributes
                0x0000000000000000       0x1d c:/st/stm32cubeide_1.12.1/stm32cubeide/plugins/com.st.stm32cube.ide.mcu.externaltools.gnu-tools-for-stm32.10.3-2021.10.win32_1.0.200.202301161003/tools/bin/../lib/gcc/arm-none-eabi/10.3.1/thumb/v7-m/nofp/crti.o
 .ARM.attributes
                0x000000000000001d       0x2d c:/st/stm32cubeide_1.12.1/stm32cubeide/plugins/com.st.stm32cube.ide.mcu.externaltools.gnu-tools-for-stm32.10.3-2021.10.win32_1.0.200.202301161003/tools/bin/../lib/gcc/arm-none-eabi/10.3.1/thumb/v7-m/nofp/crtbegin.o
 .ARM.attributes
                0x000000000000004a       0x2d ./Core/Src/AMS.o
 .ARM.attributes
                0x0000000000000077       0x2d ./Core/Src/Cppmain.o
 .ARM.attributes
                0x00000000000000a4       0x2d ./Core/Src/gpio.o
 .ARM.attributes
                0x00000000000000d1       0x2d ./Core/Src/main.o
 .ARM.attributes
                0x00000000000000fe       0x2d ./Core/Src/stm32f1xx_hal_msp.o
 .ARM.attributes
                0x000000000000012b       0x2d ./Core/Src/stm32f1xx_it.o
 .ARM.attributes
                0x0000000000000158       0x2d ./Core/Src/system_stm32f1xx.o
 .ARM.attributes
                0x0000000000000185       0x2d ./Core/Src/usart.o
 .ARM.attributes
                0x00000000000001b2       0x21 ./Core/Startup/startup_stm32f103c8tx.o
 .ARM.attributes
                0x00000000000001d3       0x2d ./Drivers/STM32F1xx_HAL_Driver/Src/stm32f1xx_hal.o
 .ARM.attributes
                0x0000000000000200       0x2d ./Drivers/STM32F1xx_HAL_Driver/Src/stm32f1xx_hal_cortex.o
 .ARM.attributes
                0x000000000000022d       0x2d ./Drivers/STM32F1xx_HAL_Driver/Src/stm32f1xx_hal_gpio.o
 .ARM.attributes
                0x000000000000025a       0x2d ./Drivers/STM32F1xx_HAL_Driver/Src/stm32f1xx_hal_rcc.o
 .ARM.attributes
                0x0000000000000287       0x2d ./Drivers/STM32F1xx_HAL_Driver/Src/stm32f1xx_hal_uart.o
 .ARM.attributes
                0x00000000000002b4       0x2d c:/st/stm32cubeide_1.12.1/stm32cubeide/plugins/com.st.stm32cube.ide.mcu.externaltools.gnu-tools-for-stm32.10.3-2021.10.win32_1.0.200.202301161003/tools/bin/../lib/gcc/arm-none-eabi/10.3.1/../../../../arm-none-eabi/lib/thumb/v7-m/nofp\libc_nano.a(lib_a-init.o)
 .ARM.attributes
                0x00000000000002e1       0x2d c:/st/stm32cubeide_1.12.1/stm32cubeide/plugins/com.st.stm32cube.ide.mcu.externaltools.gnu-tools-for-stm32.10.3-2021.10.win32_1.0.200.202301161003/tools/bin/../lib/gcc/arm-none-eabi/10.3.1/../../../../arm-none-eabi/lib/thumb/v7-m/nofp\libc_nano.a(lib_a-memset.o)
 .ARM.attributes
                0x000000000000030e       0x1d c:/st/stm32cubeide_1.12.1/stm32cubeide/plugins/com.st.stm32cube.ide.mcu.externaltools.gnu-tools-for-stm32.10.3-2021.10.win32_1.0.200.202301161003/tools/bin/../lib/gcc/arm-none-eabi/10.3.1/thumb/v7-m/nofp/crtn.o
OUTPUT(STM32F103C8T6.elf elf32-littlearm)
LOAD linker stubs
LOAD c:/st/stm32cubeide_1.12.1/stm32cubeide/plugins/com.st.stm32cube.ide.mcu.externaltools.gnu-tools-for-stm32.10.3-2021.10.win32_1.0.200.202301161003/tools/bin/../lib/gcc/arm-none-eabi/10.3.1/../../../../arm-none-eabi/lib/thumb/v7-m/nofp\libc.a
LOAD c:/st/stm32cubeide_1.12.1/stm32cubeide/plugins/com.st.stm32cube.ide.mcu.externaltools.gnu-tools-for-stm32.10.3-2021.10.win32_1.0.200.202301161003/tools/bin/../lib/gcc/arm-none-eabi/10.3.1/../../../../arm-none-eabi/lib/thumb/v7-m/nofp\libm.a
LOAD c:/st/stm32cubeide_1.12.1/stm32cubeide/plugins/com.st.stm32cube.ide.mcu.externaltools.gnu-tools-for-stm32.10.3-2021.10.win32_1.0.200.202301161003/tools/bin/../lib/gcc/arm-none-eabi/10.3.1/thumb/v7-m/nofp\libgcc.a

.debug_info     0x0000000000000000     0x70b0
 .debug_info    0x0000000000000000      0x3c5 ./Core/Src/AMS.o
 .debug_info    0x00000000000003c5      0x28b ./Core/Src/Cppmain.o
 .debug_info    0x0000000000000650      0x2ee ./Core/Src/gpio.o
 .debug_info    0x000000000000093e      0x7e1 ./Core/Src/main.o
 .debug_info    0x000000000000111f      0x180 ./Core/Src/stm32f1xx_hal_msp.o
 .debug_info    0x000000000000129f      0x122 ./Core/Src/stm32f1xx_it.o
 .debug_info    0x00000000000013c1      0x23d ./Core/Src/system_stm32f1xx.o
 .debug_info    0x00000000000015fe      0x810 ./Core/Src/usart.o
 .debug_info    0x0000000000001e0e       0x22 ./Core/Startup/startup_stm32f103c8tx.o
 .debug_info    0x0000000000001e30      0x734 ./Drivers/STM32F1xx_HAL_Driver/Src/stm32f1xx_hal.o
 .debug_info    0x0000000000002564      0xb20 ./Drivers/STM32F1xx_HAL_Driver/Src/stm32f1xx_hal_cortex.o
 .debug_info    0x0000000000003084      0x615 ./Drivers/STM32F1xx_HAL_Driver/Src/stm32f1xx_hal_gpio.o
 .debug_info    0x0000000000003699      0x865 ./Drivers/STM32F1xx_HAL_Driver/Src/stm32f1xx_hal_rcc.o
 .debug_info    0x0000000000003efe     0x31b2 ./Drivers/STM32F1xx_HAL_Driver/Src/stm32f1xx_hal_uart.o

.debug_abbrev   0x0000000000000000     0x16bb
 .debug_abbrev  0x0000000000000000      0x1d6 ./Core/Src/AMS.o
 .debug_abbrev  0x00000000000001d6      0x11f ./Core/Src/Cppmain.o
 .debug_abbrev  0x00000000000002f5      0x134 ./Core/Src/gpio.o
 .debug_abbrev  0x0000000000000429      0x210 ./Core/Src/main.o
 .debug_abbrev  0x0000000000000639       0xc2 ./Core/Src/stm32f1xx_hal_msp.o
 .debug_abbrev  0x00000000000006fb       0x74 ./Core/Src/stm32f1xx_it.o
 .debug_abbrev  0x000000000000076f      0x13b ./Core/Src/system_stm32f1xx.o
 .debug_abbrev  0x00000000000008aa      0x1d5 ./Core/Src/usart.o
 .debug_abbrev  0x0000000000000a7f       0x12 ./Core/Startup/startup_stm32f103c8tx.o
 .debug_abbrev  0x0000000000000a91      0x1fb ./Drivers/STM32F1xx_HAL_Driver/Src/stm32f1xx_hal.o
 .debug_abbrev  0x0000000000000c8c      0x2ed ./Drivers/STM32F1xx_HAL_Driver/Src/stm32f1xx_hal_cortex.o
 .debug_abbrev  0x0000000000000f79      0x1bb ./Drivers/STM32F1xx_HAL_Driver/Src/stm32f1xx_hal_gpio.o
 .debug_abbrev  0x0000000000001134      0x2a8 ./Drivers/STM32F1xx_HAL_Driver/Src/stm32f1xx_hal_rcc.o
 .debug_abbrev  0x00000000000013dc      0x2df ./Drivers/STM32F1xx_HAL_Driver/Src/stm32f1xx_hal_uart.o

.debug_aranges  0x0000000000000000      0x690
 .debug_aranges
                0x0000000000000000       0x48 ./Core/Src/AMS.o
 .debug_aranges
                0x0000000000000048       0x20 ./Core/Src/Cppmain.o
 .debug_aranges
                0x0000000000000068       0x20 ./Core/Src/gpio.o
 .debug_aranges
                0x0000000000000088       0x38 ./Core/Src/main.o
 .debug_aranges
                0x00000000000000c0       0x20 ./Core/Src/stm32f1xx_hal_msp.o
 .debug_aranges
                0x00000000000000e0       0x60 ./Core/Src/stm32f1xx_it.o
 .debug_aranges
                0x0000000000000140       0x28 ./Core/Src/system_stm32f1xx.o
 .debug_aranges
                0x0000000000000168       0x30 ./Core/Src/usart.o
 .debug_aranges
                0x0000000000000198       0x28 ./Core/Startup/startup_stm32f103c8tx.o
 .debug_aranges
                0x00000000000001c0       0xe0 ./Drivers/STM32F1xx_HAL_Driver/Src/stm32f1xx_hal.o
 .debug_aranges
                0x00000000000002a0      0x100 ./Drivers/STM32F1xx_HAL_Driver/Src/stm32f1xx_hal_cortex.o
 .debug_aranges
                0x00000000000003a0       0x58 ./Drivers/STM32F1xx_HAL_Driver/Src/stm32f1xx_hal_gpio.o
 .debug_aranges
                0x00000000000003f8       0x90 ./Drivers/STM32F1xx_HAL_Driver/Src/stm32f1xx_hal_rcc.o
 .debug_aranges
                0x0000000000000488      0x208 ./Drivers/STM32F1xx_HAL_Driver/Src/stm32f1xx_hal_uart.o

.debug_ranges   0x0000000000000000      0x5e8
 .debug_ranges  0x0000000000000000       0x38 ./Core/Src/AMS.o
 .debug_ranges  0x0000000000000038       0x10 ./Core/Src/Cppmain.o
 .debug_ranges  0x0000000000000048       0x10 ./Core/Src/gpio.o
 .debug_ranges  0x0000000000000058       0x28 ./Core/Src/main.o
 .debug_ranges  0x0000000000000080       0x10 ./Core/Src/stm32f1xx_hal_msp.o
 .debug_ranges  0x0000000000000090       0x50 ./Core/Src/stm32f1xx_it.o
 .debug_ranges  0x00000000000000e0       0x18 ./Core/Src/system_stm32f1xx.o
 .debug_ranges  0x00000000000000f8       0x20 ./Core/Src/usart.o
 .debug_ranges  0x0000000000000118       0x20 ./Core/Startup/startup_stm32f103c8tx.o
 .debug_ranges  0x0000000000000138       0xd0 ./Drivers/STM32F1xx_HAL_Driver/Src/stm32f1xx_hal.o
 .debug_ranges  0x0000000000000208       0xf0 ./Drivers/STM32F1xx_HAL_Driver/Src/stm32f1xx_hal_cortex.o
 .debug_ranges  0x00000000000002f8       0x48 ./Drivers/STM32F1xx_HAL_Driver/Src/stm32f1xx_hal_gpio.o
 .debug_ranges  0x0000000000000340       0x80 ./Drivers/STM32F1xx_HAL_Driver/Src/stm32f1xx_hal_rcc.o
 .debug_ranges  0x00000000000003c0      0x228 ./Drivers/STM32F1xx_HAL_Driver/Src/stm32f1xx_hal_uart.o

.debug_macro    0x0000000000000000    0x18ca3
 .debug_macro   0x0000000000000000      0x344 ./Core/Src/AMS.o
 .debug_macro   0x0000000000000344      0xb44 ./Core/Src/AMS.o
 .debug_macro   0x0000000000000e88       0x1c ./Core/Src/AMS.o
 .debug_macro   0x0000000000000ea4       0x22 ./Core/Src/AMS.o
 .debug_macro   0x0000000000000ec6       0x8e ./Core/Src/AMS.o
 .debug_macro   0x0000000000000f54       0x51 ./Core/Src/AMS.o
 .debug_macro   0x0000000000000fa5      0x103 ./Core/Src/AMS.o
 .debug_macro   0x00000000000010a8       0x6a ./Core/Src/AMS.o
 .debug_macro   0x0000000000001112      0x1df ./Core/Src/AMS.o
 .debug_macro   0x00000000000012f1       0x52 ./Core/Src/AMS.o
 .debug_macro   0x0000000000001343       0x18 ./Core/Src/AMS.o
 .debug_macro   0x000000000000135b       0x3c ./Core/Src/AMS.o
 .debug_macro   0x0000000000001397       0x34 ./Core/Src/AMS.o
 .debug_macro   0x00000000000013cb      0x17b ./Core/Src/AMS.o
 .debug_macro   0x0000000000001546       0x16 ./Core/Src/AMS.o
 .debug_macro   0x000000000000155c       0x43 ./Core/Src/AMS.o
 .debug_macro   0x000000000000159f       0x34 ./Core/Src/AMS.o
 .debug_macro   0x00000000000015d3       0x10 ./Core/Src/AMS.o
 .debug_macro   0x00000000000015e3       0x58 ./Core/Src/AMS.o
 .debug_macro   0x000000000000163b       0x71 ./Core/Src/AMS.o
 .debug_macro   0x00000000000016ac       0x16 ./Core/Src/AMS.o
 .debug_macro   0x00000000000016c2      0x12a ./Core/Src/AMS.o
 .debug_macro   0x00000000000017ec      0x364 ./Core/Src/AMS.o
 .debug_macro   0x0000000000001b50       0x10 ./Core/Src/AMS.o
 .debug_macro   0x0000000000001b60       0x35 ./Core/Src/AMS.o
 .debug_macro   0x0000000000001b95       0x20 ./Core/Src/AMS.o
 .debug_macro   0x0000000000001bb5       0x16 ./Core/Src/AMS.o
 .debug_macro   0x0000000000001bcb       0x1c ./Core/Src/AMS.o
 .debug_macro   0x0000000000001be7       0x10 ./Core/Src/AMS.o
 .debug_macro   0x0000000000001bf7       0x10 ./Core/Src/AMS.o
 .debug_macro   0x0000000000001c07       0x1c ./Core/Src/AMS.o
 .debug_macro   0x0000000000001c23       0x52 ./Core/Src/AMS.o
 .debug_macro   0x0000000000001c75       0x22 ./Core/Src/AMS.o
 .debug_macro   0x0000000000001c97       0x10 ./Core/Src/AMS.o
 .debug_macro   0x0000000000001ca7       0x52 ./Core/Src/AMS.o
 .debug_macro   0x0000000000001cf9       0xd5 ./Core/Src/AMS.o
 .debug_macro   0x0000000000001dce       0x1c ./Core/Src/AMS.o
 .debug_macro   0x0000000000001dea       0x3d ./Core/Src/AMS.o
 .debug_macro   0x0000000000001e27       0x16 ./Core/Src/AMS.o
 .debug_macro   0x0000000000001e3d      0x137 ./Core/Src/AMS.o
 .debug_macro   0x0000000000001f74      0x215 ./Core/Src/AMS.o
 .debug_macro   0x0000000000002189       0x2e ./Core/Src/AMS.o
 .debug_macro   0x00000000000021b7       0x22 ./Core/Src/AMS.o
 .debug_macro   0x00000000000021d9       0x1c ./Core/Src/AMS.o
 .debug_macro   0x00000000000021f5       0x22 ./Core/Src/AMS.o
 .debug_macro   0x0000000000002217       0xbd ./Core/Src/AMS.o
 .debug_macro   0x00000000000022d4      0xd23 ./Core/Src/AMS.o
 .debug_macro   0x0000000000002ff7     0xe09e ./Core/Src/AMS.o
 .debug_macro   0x0000000000011095       0x6d ./Core/Src/AMS.o
 .debug_macro   0x0000000000011102     0x348d ./Core/Src/AMS.o
 .debug_macro   0x000000000001458f       0x56 ./Core/Src/AMS.o
 .debug_macro   0x00000000000145e5      0x5bc ./Core/Src/AMS.o
 .debug_macro   0x0000000000014ba1      0x289 ./Core/Src/AMS.o
 .debug_macro   0x0000000000014e2a      0x1cb ./Core/Src/AMS.o
 .debug_macro   0x0000000000014ff5      0x114 ./Core/Src/AMS.o
 .debug_macro   0x0000000000015109      0x1b2 ./Core/Src/AMS.o
 .debug_macro   0x00000000000152bb       0x27 ./Core/Src/AMS.o
 .debug_macro   0x00000000000152e2      0x136 ./Core/Src/AMS.o
 .debug_macro   0x0000000000015418      0x1bc ./Core/Src/AMS.o
 .debug_macro   0x00000000000155d4       0x34 ./Core/Src/AMS.o
 .debug_macro   0x0000000000015608       0x3c ./Core/Src/AMS.o
 .debug_macro   0x0000000000015644       0x57 ./Core/Src/AMS.o
 .debug_macro   0x000000000001569b       0x87 ./Core/Src/AMS.o
 .debug_macro   0x0000000000015722      0x240 ./Core/Src/AMS.o
 .debug_macro   0x0000000000015962      0x140 ./Core/Src/AMS.o
 .debug_macro   0x0000000000015aa2      0x28e ./Core/Src/AMS.o
 .debug_macro   0x0000000000015d30       0x83 ./Core/Src/AMS.o
 .debug_macro   0x0000000000015db3       0x10 ./Core/Src/AMS.o
 .debug_macro   0x0000000000015dc3      0x344 ./Core/Src/Cppmain.o
 .debug_macro   0x0000000000016107      0x1a7 ./Core/Src/gpio.o
 .debug_macro   0x00000000000162ae      0xa6c ./Core/Src/gpio.o
 .debug_macro   0x0000000000016d1a      0xd23 ./Core/Src/gpio.o
 .debug_macro   0x0000000000017a3d      0x174 ./Core/Src/gpio.o
 .debug_macro   0x0000000000017bb1       0x5c ./Core/Src/gpio.o
 .debug_macro   0x0000000000017c0d      0x1b5 ./Core/Src/main.o
 .debug_macro   0x0000000000017dc2      0x19d ./Core/Src/stm32f1xx_hal_msp.o
 .debug_macro   0x0000000000017f5f      0x1a7 ./Core/Src/stm32f1xx_it.o
 .debug_macro   0x0000000000018106      0x18e ./Core/Src/system_stm32f1xx.o
 .debug_macro   0x0000000000018294      0x1a7 ./Core/Src/usart.o
 .debug_macro   0x000000000001843b      0x1b2 ./Drivers/STM32F1xx_HAL_Driver/Src/stm32f1xx_hal.o
 .debug_macro   0x00000000000185ed      0x18e ./Drivers/STM32F1xx_HAL_Driver/Src/stm32f1xx_hal_cortex.o
 .debug_macro   0x000000000001877b      0x1f9 ./Drivers/STM32F1xx_HAL_Driver/Src/stm32f1xx_hal_gpio.o
 .debug_macro   0x0000000000018974      0x1a0 ./Drivers/STM32F1xx_HAL_Driver/Src/stm32f1xx_hal_rcc.o
 .debug_macro   0x0000000000018b14      0x18f ./Drivers/STM32F1xx_HAL_Driver/Src/stm32f1xx_hal_uart.o

.debug_line     0x0000000000000000     0x8c68
 .debug_line    0x0000000000000000      0x8e8 ./Core/Src/AMS.o
 .debug_line    0x00000000000008e8      0x868 ./Core/Src/Cppmain.o
 .debug_line    0x0000000000001150      0x657 ./Core/Src/gpio.o
 .debug_line    0x00000000000017a7      0x6e7 ./Core/Src/main.o
 .debug_line    0x0000000000001e8e      0x648 ./Core/Src/stm32f1xx_hal_msp.o
 .debug_line    0x00000000000024d6      0x70b ./Core/Src/stm32f1xx_it.o
 .debug_line    0x0000000000002be1      0x6c7 ./Core/Src/system_stm32f1xx.o
 .debug_line    0x00000000000032a8      0x6b8 ./Core/Src/usart.o
 .debug_line    0x0000000000003960       0x86 ./Core/Startup/startup_stm32f103c8tx.o
 .debug_line    0x00000000000039e6      0x8f4 ./Drivers/STM32F1xx_HAL_Driver/Src/stm32f1xx_hal.o
 .debug_line    0x00000000000042da      0xadc ./Drivers/STM32F1xx_HAL_Driver/Src/stm32f1xx_hal_cortex.o
 .debug_line    0x0000000000004db6      0x98d ./Drivers/STM32F1xx_HAL_Driver/Src/stm32f1xx_hal_gpio.o
 .debug_line    0x0000000000005743      0xd00 ./Drivers/STM32F1xx_HAL_Driver/Src/stm32f1xx_hal_rcc.o
 .debug_line    0x0000000000006443     0x2825 ./Drivers/STM32F1xx_HAL_Driver/Src/stm32f1xx_hal_uart.o

.debug_str      0x0000000000000000    0x826f7
 .debug_str     0x0000000000000000    0x807f2 ./Core/Src/AMS.o
                                      0x80b40 (size before relaxing)
 .debug_str     0x00000000000807f2       0xbe ./Core/Src/Cppmain.o
                                      0x80bdf (size before relaxing)
 .debug_str     0x00000000000808b0      0x2d6 ./Core/Src/gpio.o
                                      0x7c880 (size before relaxing)
 .debug_str     0x0000000000080b86      0x594 ./Core/Src/main.o
                                      0x7cd88 (size before relaxing)
 .debug_str     0x000000000008111a       0x2c ./Core/Src/stm32f1xx_hal_msp.o
                                      0x7c7da (size before relaxing)
 .debug_str     0x0000000000081146       0xc9 ./Core/Src/stm32f1xx_it.o
                                      0x7c81d (size before relaxing)
 .debug_str     0x000000000008120f       0x7e ./Core/Src/system_stm32f1xx.o
                                      0x7c803 (size before relaxing)
 .debug_str     0x000000000008128d       0x61 ./Core/Src/usart.o
                                      0x7ccc8 (size before relaxing)
 .debug_str     0x00000000000812ee       0x36 ./Core/Startup/startup_stm32f103c8tx.o
                                         0x83 (size before relaxing)
 .debug_str     0x0000000000081324      0x5a3 ./Drivers/STM32F1xx_HAL_Driver/Src/stm32f1xx_hal.o
                                      0x7cf36 (size before relaxing)
 .debug_str     0x00000000000818c7      0x2c5 ./Drivers/STM32F1xx_HAL_Driver/Src/stm32f1xx_hal_cortex.o
                                      0x7ce82 (size before relaxing)
 .debug_str     0x0000000000081b8c      0x2f7 ./Drivers/STM32F1xx_HAL_Driver/Src/stm32f1xx_hal_gpio.o
                                      0x7cb89 (size before relaxing)
 .debug_str     0x0000000000081e83      0x21e ./Drivers/STM32F1xx_HAL_Driver/Src/stm32f1xx_hal_rcc.o
                                      0x7cc32 (size before relaxing)
 .debug_str     0x00000000000820a1      0x656 ./Drivers/STM32F1xx_HAL_Driver/Src/stm32f1xx_hal_uart.o
                                      0x7d2a3 (size before relaxing)

.comment        0x0000000000000000       0x50
 .comment       0x0000000000000000       0x50 ./Core/Src/AMS.o
                                         0x51 (size before relaxing)
 .comment       0x0000000000000050       0x51 ./Core/Src/Cppmain.o
 .comment       0x0000000000000050       0x51 ./Core/Src/gpio.o
 .comment       0x0000000000000050       0x51 ./Core/Src/main.o
 .comment       0x0000000000000050       0x51 ./Core/Src/stm32f1xx_hal_msp.o
 .comment       0x0000000000000050       0x51 ./Core/Src/stm32f1xx_it.o
 .comment       0x0000000000000050       0x51 ./Core/Src/system_stm32f1xx.o
 .comment       0x0000000000000050       0x51 ./Core/Src/usart.o
 .comment       0x0000000000000050       0x51 ./Drivers/STM32F1xx_HAL_Driver/Src/stm32f1xx_hal.o
 .comment       0x0000000000000050       0x51 ./Drivers/STM32F1xx_HAL_Driver/Src/stm32f1xx_hal_cortex.o
 .comment       0x0000000000000050       0x51 ./Drivers/STM32F1xx_HAL_Driver/Src/stm32f1xx_hal_gpio.o
 .comment       0x0000000000000050       0x51 ./Drivers/STM32F1xx_HAL_Driver/Src/stm32f1xx_hal_rcc.o
 .comment       0x0000000000000050       0x51 ./Drivers/STM32F1xx_HAL_Driver/Src/stm32f1xx_hal_uart.o

.debug_frame    0x0000000000000000     0x1838
 .debug_frame   0x0000000000000000       0xf4 ./Core/Src/AMS.o
 .debug_frame   0x00000000000000f4       0x2c ./Core/Src/Cppmain.o
 .debug_frame   0x0000000000000120       0x34 ./Core/Src/gpio.o
 .debug_frame   0x0000000000000154       0x8c ./Core/Src/main.o
 .debug_frame   0x00000000000001e0       0x38 ./Core/Src/stm32f1xx_hal_msp.o
 .debug_frame   0x0000000000000218      0x104 ./Core/Src/stm32f1xx_it.o
 .debug_frame   0x000000000000031c       0x58 ./Core/Src/system_stm32f1xx.o
 .debug_frame   0x0000000000000374       0x74 ./Core/Src/usart.o
 .debug_frame   0x00000000000003e8      0x334 ./Drivers/STM32F1xx_HAL_Driver/Src/stm32f1xx_hal.o
 .debug_frame   0x000000000000071c      0x428 ./Drivers/STM32F1xx_HAL_Driver/Src/stm32f1xx_hal_cortex.o
 .debug_frame   0x0000000000000b44      0x14c ./Drivers/STM32F1xx_HAL_Driver/Src/stm32f1xx_hal_gpio.o
 .debug_frame   0x0000000000000c90      0x218 ./Drivers/STM32F1xx_HAL_Driver/Src/stm32f1xx_hal_rcc.o
 .debug_frame   0x0000000000000ea8      0x944 ./Drivers/STM32F1xx_HAL_Driver/Src/stm32f1xx_hal_uart.o
 .debug_frame   0x00000000000017ec       0x2c c:/st/stm32cubeide_1.12.1/stm32cubeide/plugins/com.st.stm32cube.ide.mcu.externaltools.gnu-tools-for-stm32.10.3-2021.10.win32_1.0.200.202301161003/tools/bin/../lib/gcc/arm-none-eabi/10.3.1/../../../../arm-none-eabi/lib/thumb/v7-m/nofp\libc_nano.a(lib_a-init.o)
 .debug_frame   0x0000000000001818       0x20 c:/st/stm32cubeide_1.12.1/stm32cubeide/plugins/com.st.stm32cube.ide.mcu.externaltools.gnu-tools-for-stm32.10.3-2021.10.win32_1.0.200.202301161003/tools/bin/../lib/gcc/arm-none-eabi/10.3.1/../../../../arm-none-eabi/lib/thumb/v7-m/nofp\libc_nano.a(lib_a-memset.o)
